[debug] [2026-06-07T21:11:13.313Z] ----------------------------------------------------------------------
[debug] [2026-06-07T21:11:13.316Z] Command:       C:\nvm4w\nodejs\node.exe C:\Users\Orlando Moreno\AppData\Roaming\npm\node_modules\firebase-tools\lib\bin\firebase.js deploy
[debug] [2026-06-07T21:11:13.316Z] CLI Version:   15.14.0
[debug] [2026-06-07T21:11:13.316Z] Platform:      win32
[debug] [2026-06-07T21:11:13.316Z] Node Version:  v20.17.0
[debug] [2026-06-07T21:11:13.317Z] Time:          Sun Jun 07 2026 17:11:13 GMT-0400 (hora de Bolivia)
[debug] [2026-06-07T21:11:13.317Z] ----------------------------------------------------------------------
[debug] 
[debug] [2026-06-07T21:11:15.602Z] > command requires scopes: ["email","openid","https://www.googleapis.com/auth/cloudplatformprojects.readonly","https://www.googleapis.com/auth/firebase","https://www.googleapis.com/auth/cloud-platform"]
[debug] [2026-06-07T21:11:15.603Z] > authorizing via signed-in user (orlandosebastian693@gmail.com)
[debug] [2026-06-07T21:11:15.603Z] [iam] checking project parcial1si2 for permissions ["firebase.projects.get","firebasehosting.sites.update"]
[debug] [2026-06-07T21:11:15.604Z] Checked if tokens are valid: true, expires at: 1780869741878
[debug] [2026-06-07T21:11:15.605Z] Checked if tokens are valid: true, expires at: 1780869741878
[debug] [2026-06-07T21:11:15.606Z] >>> [apiv2][query] POST https://cloudresourcemanager.googleapis.com/v1/projects/parcial1si2:testIamPermissions [none]
[debug] [2026-06-07T21:11:15.607Z] >>> [apiv2][(partial)header] POST https://cloudresourcemanager.googleapis.com/v1/projects/parcial1si2:testIamPermissions  x-goog-user-project=parcial1si2
[debug] [2026-06-07T21:11:15.607Z] >>> [apiv2][body] POST https://cloudresourcemanager.googleapis.com/v1/projects/parcial1si2:testIamPermissions {"permissions":["firebase.projects.get","firebasehosting.sites.update"]}
[debug] [2026-06-07T21:11:15.749Z] *** [apiv2] error from fetch(https://cloudresourcemanager.googleapis.com/v1/projects/parcial1si2:testIamPermissions, {"headers":{},"method":"POST","agent":{"_events":{},"_eventsCount":2,"options":{"noDelay":true,"path":null},"requests":{},"sockets":{"cloudresourcemanager.googleapis.com:443:::::::::::::::::::::":[]},"freeSockets":{},"keepAliveMsecs":1000,"keepAlive":false,"maxSockets":null,"maxFreeSockets":256,"scheduling":"lifo","maxTotalSockets":null,"totalSocketCount":0,"cache":{"max":20,"maxSize":0,"maxEntrySize":0,"fetchMethod":null,"keyMap":{},"keyList":["https:+http://127.0.0.1:9",null,null,null,null,null,null,null,null,null,null,null,null,null,null,null,null,null,null,null],"valList":[{"_events":{},"_eventsCount":2,"options":{},"requests":{},"sockets":{"cloudresourcemanager.googleapis.com:443:::::::::::::::::::::":[]},"freeSockets":{},"keepAliveMsecs":1000,"keepAlive":false,"maxSockets":null,"maxFreeSockets":256,"scheduling":"lifo","maxTotalSockets":null,"totalSocketCount":0,"proxy":"http://127.0.0.1:9/","proxyHeaders":{},"connectOpts":{"ALPNProtocols":["http/1.1"],"host":"127.0.0.1","port":9}},null,null,null,null,null,null,null,null,null,null,null,null,null,null,null,null,null,null,null],"next":{"0":0,"1":0,"2":0,"3":0,"4":0,"5":0,"6":0,"7":0,"8":0,"9":0,"10":0,"11":0,"12":0,"13":0,"14":0,"15":0,"16":0,"17":0,"18":0,"19":0},"prev":{"0":0,"1":0,"2":0,"3":0,"4":0,"5":0,"6":0,"7":0,"8":0,"9":0,"10":0,"11":0,"12":0,"13":0,"14":0,"15":0,"16":0,"17":0,"18":0,"19":0},"head":0,"tail":0,"free":{"heap":{"0":0,"1":0,"2":0,"3":0,"4":0,"5":0,"6":0,"7":0,"8":0,"9":0,"10":0,"11":0,"12":0,"13":0,"14":0,"15":0,"16":0,"17":0,"18":0,"19":0},"length":0},"initialFill":1,"size":1,"disposeAfter":null,"disposed":null,"noDisposeOnSet":false,"noUpdateTTL":false,"noDeleteOnFetchRejection":false,"allowStaleOnFetchRejection":false,"allowStaleOnFetchAbort":false,"ignoreFetchAbort":false,"allowStale":false,"noDeleteOnStaleGet":false,"updateAgeOnGet":false,"updateAgeOnHas":false,"ttlResolution":1,"ttlAutopurge":false,"ttl":0},"httpAgent":{"_events":{},"_eventsCount":2,"defaultPort":80,"protocol":"http:","options":{"noDelay":true,"path":null},"requests":{},"sockets":{},"freeSockets":{},"keepAliveMsecs":1000,"keepAlive":false,"maxSockets":null,"maxFreeSockets":256,"scheduling":"lifo","maxTotalSockets":null,"totalSocketCount":0},"httpsAgent":{"_events":{},"_eventsCount":2,"defaultPort":443,"protocol":"https:","options":{"noDelay":true,"path":null},"requests":{},"sockets":{},"freeSockets":{},"keepAliveMsecs":1000,"keepAlive":false,"maxSockets":null,"maxFreeSockets":256,"scheduling":"lifo","maxTotalSockets":null,"totalSocketCount":0,"maxCachedSessions":100,"_sessionCache":{"map":{},"list":[]}}},"body":"{\"permissions\":[\"firebase.projects.get\",\"firebasehosting.sites.update\"]}"}): FetchError: request to https://cloudresourcemanager.googleapis.com/v1/projects/parcial1si2:testIamPermissions failed, reason: connect ECONNREFUSED 127.0.0.1:9
[debug] [2026-06-07T21:11:15.750Z] [iam] error while checking permissions, command may fail: Failed to make request to https://cloudresourcemanager.googleapis.com/v1/projects/parcial1si2:testIamPermissions
[debug] [2026-06-07T21:11:15.751Z] Checked if tokens are valid: true, expires at: 1780869741878
[debug] [2026-06-07T21:11:15.752Z] Checked if tokens are valid: true, expires at: 1780869741878
[debug] [2026-06-07T21:11:15.753Z] >>> [apiv2][query] GET https://firebase.googleapis.com/v1beta1/projects/parcial1si2 [none]
[debug] [2026-06-07T21:11:15.762Z] *** [apiv2] error from fetch(https://firebase.googleapis.com/v1beta1/projects/parcial1si2, {"headers":{},"method":"GET","agent":{"_events":{},"_eventsCount":2,"options":{"noDelay":true,"path":null},"requests":{},"sockets":{"firebase.googleapis.com:443:::::::::::::::::::::":[]},"freeSockets":{},"keepAliveMsecs":1000,"keepAlive":false,"maxSockets":null,"maxFreeSockets":256,"scheduling":"lifo","maxTotalSockets":null,"totalSocketCount":0,"cache":{"max":20,"maxSize":0,"maxEntrySize":0,"fetchMethod":null,"keyMap":{},"keyList":["https:+http://127.0.0.1:9",null,null,null,null,null,null,null,null,null,null,null,null,null,null,null,null,null,null,null],"valList":[{"_events":{},"_eventsCount":2,"options":{},"requests":{},"sockets":{"firebase.googleapis.com:443:::::::::::::::::::::":[]},"freeSockets":{},"keepAliveMsecs":1000,"keepAlive":false,"maxSockets":null,"maxFreeSockets":256,"scheduling":"lifo","maxTotalSockets":null,"totalSocketCount":0,"proxy":"http://127.0.0.1:9/","proxyHeaders":{},"connectOpts":{"ALPNProtocols":["http/1.1"],"host":"127.0.0.1","port":9}},null,null,null,null,null,null,null,null,null,null,null,null,null,null,null,null,null,null,null],"next":{"0":0,"1":0,"2":0,"3":0,"4":0,"5":0,"6":0,"7":0,"8":0,"9":0,"10":0,"11":0,"12":0,"13":0,"14":0,"15":0,"16":0,"17":0,"18":0,"19":0},"prev":{"0":0,"1":0,"2":0,"3":0,"4":0,"5":0,"6":0,"7":0,"8":0,"9":0,"10":0,"11":0,"12":0,"13":0,"14":0,"15":0,"16":0,"17":0,"18":0,"19":0},"head":0,"tail":0,"free":{"heap":{"0":0,"1":0,"2":0,"3":0,"4":0,"5":0,"6":0,"7":0,"8":0,"9":0,"10":0,"11":0,"12":0,"13":0,"14":0,"15":0,"16":0,"17":0,"18":0,"19":0},"length":0},"initialFill":1,"size":1,"disposeAfter":null,"disposed":null,"noDisposeOnSet":false,"noUpdateTTL":false,"noDeleteOnFetchRejection":false,"allowStaleOnFetchRejection":false,"allowStaleOnFetchAbort":false,"ignoreFetchAbort":false,"allowStale":false,"noDeleteOnStaleGet":false,"updateAgeOnGet":false,"updateAgeOnHas":false,"ttlResolution":1,"ttlAutopurge":false,"ttl":0},"httpAgent":{"_events":{},"_eventsCount":2,"defaultPort":80,"protocol":"http:","options":{"noDelay":true,"path":null},"requests":{},"sockets":{},"freeSockets":{},"keepAliveMsecs":1000,"keepAlive":false,"maxSockets":null,"maxFreeSockets":256,"scheduling":"lifo","maxTotalSockets":null,"totalSocketCount":0},"httpsAgent":{"_events":{},"_eventsCount":2,"defaultPort":443,"protocol":"https:","options":{"noDelay":true,"path":null},"requests":{},"sockets":{},"freeSockets":{},"keepAliveMsecs":1000,"keepAlive":false,"maxSockets":null,"maxFreeSockets":256,"scheduling":"lifo","maxTotalSockets":null,"totalSocketCount":0,"maxCachedSessions":100,"_sessionCache":{"map":{},"list":[]}}},"signal":{"reason":""}}): FetchError: request to https://firebase.googleapis.com/v1beta1/projects/parcial1si2 failed, reason: connect ECONNREFUSED 127.0.0.1:9
[debug] [2026-06-07T21:11:15.763Z] Failed to make request to https://firebase.googleapis.com/v1beta1/projects/parcial1si2 (original: request to https://firebase.googleapis.com/v1beta1/projects/parcial1si2 failed, reason: connect ECONNREFUSED 127.0.0.1:9)
[error] 
[error] Error: Assertion failed: resolving hosting target of a site with no site name or target name. This should have caused an error earlier
[debug] [2026-06-07T21:11:16.060Z] Error: EPERM: operation not permitted, open 'C:\Users\Orlando Moreno\.config\configstore\firebase-tools.json.3999515559'
    at Object.openSync (node:fs:573:18)
    at Function.writeFileSync [as sync] (C:\Users\Orlando Moreno\AppData\Roaming\npm\node_modules\firebase-tools\node_modules\write-file-atomic\index.js:205:13)
    at set all [as all] (C:\Users\Orlando Moreno\AppData\Roaming\npm\node_modules\firebase-tools\node_modules\configstore\index.js:61:20)
    at Configstore.delete (C:\Users\Orlando Moreno\AppData\Roaming\npm\node_modules\firebase-tools\node_modules\configstore\index.js:101:12)
    at process.<anonymous> (C:\Users\Orlando Moreno\AppData\Roaming\npm\node_modules\firebase-tools\lib\bin\cli.js:65:45)
    at process.emit (node:events:531:35)
    at process.exit (node:internal/process/per_thread:185:15)
    at Timeout._onTimeout (C:\Users\Orlando Moreno\AppData\Roaming\npm\node_modules\firebase-tools\lib\errorOut.js:20:17)
    at listOnTimeout (node:internal/timers:581:17)
    at process.processTimers (node:internal/timers:519:7)
[error] 
[error] Error: An unexpected error has occurred.
[debug] [2026-06-07T21:11:30.619Z] ----------------------------------------------------------------------
[debug] [2026-06-07T21:11:30.622Z] Command:       C:\nvm4w\nodejs\node.exe C:\Users\Orlando Moreno\AppData\Roaming\npm\node_modules\firebase-tools\lib\bin\firebase.js deploy
[debug] [2026-06-07T21:11:30.622Z] CLI Version:   15.14.0
[debug] [2026-06-07T21:11:30.622Z] Platform:      win32
[debug] [2026-06-07T21:11:30.622Z] Node Version:  v20.17.0
[debug] [2026-06-07T21:11:30.622Z] Time:          Sun Jun 07 2026 17:11:30 GMT-0400 (hora de Bolivia)
[debug] [2026-06-07T21:11:30.623Z] ----------------------------------------------------------------------
[debug] 
[debug] [2026-06-07T21:11:32.464Z] > command requires scopes: ["email","openid","https://www.googleapis.com/auth/cloudplatformprojects.readonly","https://www.googleapis.com/auth/firebase","https://www.googleapis.com/auth/cloud-platform"]
[debug] [2026-06-07T21:11:32.465Z] > authorizing via signed-in user (orlandosebastian693@gmail.com)
[debug] [2026-06-07T21:11:32.465Z] [iam] checking project parcial1si2 for permissions ["firebase.projects.get","firebasehosting.sites.update"]
[debug] [2026-06-07T21:11:32.467Z] Checked if tokens are valid: true, expires at: 1780869741878
[debug] [2026-06-07T21:11:32.467Z] Checked if tokens are valid: true, expires at: 1780869741878
[debug] [2026-06-07T21:11:32.469Z] >>> [apiv2][query] POST https://cloudresourcemanager.googleapis.com/v1/projects/parcial1si2:testIamPermissions [none]
[debug] [2026-06-07T21:11:32.469Z] >>> [apiv2][(partial)header] POST https://cloudresourcemanager.googleapis.com/v1/projects/parcial1si2:testIamPermissions  x-goog-user-project=parcial1si2
[debug] [2026-06-07T21:11:32.469Z] >>> [apiv2][body] POST https://cloudresourcemanager.googleapis.com/v1/projects/parcial1si2:testIamPermissions {"permissions":["firebase.projects.get","firebasehosting.sites.update"]}
[debug] [2026-06-07T21:11:33.633Z] <<< [apiv2][status] POST https://cloudresourcemanager.googleapis.com/v1/projects/parcial1si2:testIamPermissions 200
[debug] [2026-06-07T21:11:33.634Z] <<< [apiv2][body] POST https://cloudresourcemanager.googleapis.com/v1/projects/parcial1si2:testIamPermissions {"permissions":["firebase.projects.get","firebasehosting.sites.update"]}
[debug] [2026-06-07T21:11:33.634Z] Checked if tokens are valid: true, expires at: 1780869741878
[debug] [2026-06-07T21:11:33.634Z] Checked if tokens are valid: true, expires at: 1780869741878
[debug] [2026-06-07T21:11:33.635Z] >>> [apiv2][query] GET https://firebase.googleapis.com/v1beta1/projects/parcial1si2 [none]
[debug] [2026-06-07T21:11:34.203Z] <<< [apiv2][status] GET https://firebase.googleapis.com/v1beta1/projects/parcial1si2 200
[debug] [2026-06-07T21:11:34.203Z] <<< [apiv2][body] GET https://firebase.googleapis.com/v1beta1/projects/parcial1si2 {"projectId":"parcial1si2","projectNumber":"645287068859","displayName":"parcial1si2","name":"projects/parcial1si2","resources":{"hostingSite":"parcial1si2"},"state":"ACTIVE","etag":"1_bf0680b3-f0bd-4253-89fc-944550e04468"}
[info] 
[info] === Deploying to 'parcial1si2'...
[info] 
[info] i  deploying hosting 
[debug] [2026-06-07T21:11:34.207Z] Checked if tokens are valid: true, expires at: 1780869741878
[debug] [2026-06-07T21:11:34.207Z] Checked if tokens are valid: true, expires at: 1780869741878
[debug] [2026-06-07T21:11:34.207Z] >>> [apiv2][query] POST https://firebasehosting.googleapis.com/v1beta1/projects/-/sites/parcial1si2/versions [none]
[debug] [2026-06-07T21:11:34.207Z] >>> [apiv2][body] POST https://firebasehosting.googleapis.com/v1beta1/projects/-/sites/parcial1si2/versions {"status":"CREATED","labels":{"deployment-tool":"cli-firebase"}}
[debug] [2026-06-07T21:11:36.195Z] <<< [apiv2][status] POST https://firebasehosting.googleapis.com/v1beta1/projects/-/sites/parcial1si2/versions 200
[debug] [2026-06-07T21:11:36.196Z] <<< [apiv2][body] POST https://firebasehosting.googleapis.com/v1beta1/projects/-/sites/parcial1si2/versions {"name":"projects/645287068859/sites/parcial1si2/versions/1e5abea94bfc394f","status":"CREATED","config":{},"labels":{"deployment-tool":"cli-firebase"}}
[info] i  hosting[parcial1si2]: beginning deploy... 
[info] i  hosting[parcial1si2]: found 66 files in dist/frontend-app/browser 
[debug] [2026-06-07T21:11:36.214Z] [hosting] uploading with 200 concurrency
[debug] [2026-06-07T21:11:36.262Z] Checked if tokens are valid: true, expires at: 1780869741878
[debug] [2026-06-07T21:11:36.262Z] Checked if tokens are valid: true, expires at: 1780869741878
[debug] [2026-06-07T21:11:36.264Z] [hosting] hash cache [ZGlzdFxmcm9udGVuZC1hcHBcYnJvd3Nlcg] stored for 66 files
[debug] [2026-06-07T21:11:36.264Z] [hosting][hash queue][FINAL] {"max":37,"min":11,"avg":22.90909090909091,"active":0,"complete":66,"success":66,"errored":0,"retried":0,"total":66,"elapsed":48}
[debug] [2026-06-07T21:11:36.264Z] >>> [apiv2][query] POST https://firebasehosting.googleapis.com/v1beta1/projects/645287068859/sites/parcial1si2/versions/1e5abea94bfc394f:populateFiles [none]
[debug] [2026-06-07T21:11:36.265Z] >>> [apiv2][body] POST https://firebasehosting.googleapis.com/v1beta1/projects/645287068859/sites/parcial1si2/versions/1e5abea94bfc394f:populateFiles {"files":{"/login-hero.jpg":"a76edb44c5e0e871c5b2013c6365d0f550836da5d49bbfdb93992c587b5fef38\r","/favicon.ico":"a905b13e228420df3dbe746dfb656d37a49736494c0737d00e007c8dc7319912\r","/main-NRXZXIGJ.js":"4bc35b6b3c9e5136b9c485ef2067c8eacd0d024dc26544b48e3c0a6719a6aff6","/index.html":"45d2db401020b536543ab53fd804f7e40f46835010e654744168f53f18d8a8c6","/chunk-ZVPFE6GJ.js":"8f08a7f7029a3273e1c0b24ef39261242619a23630847831ba853889f7e55cbc","/chunk-ZGR4UQG3.js":"e505d9dca427f5a443d828e5ec59958db0a8b8b6e119ea2f0d77e6939578074c","/chunk-XZSNXIWF.js":"307a55430c61c23db4117c6fb6ba742986900008aabbbf2e5ed93164fa3af9f6","/chunk-X55BBEWJ.js":"12c8f9a55ff9e757d4108629ebec5f26edb8854cce6deb724bd2c11b16a530ff","/polyfills-B6TNHZQ6.js":"a87c0954a6184a0e0d27cd02df3fe43c02f121416dc1d71923148f1dbbdc377a","/chunk-UCO74FDW.js":"db74eb7fadac48620ec312848587cb563a50ca29bbb362db51b3fa112d8a803d","/chunk-WZXFXEXW.js":"cc89010b9ae5a29e6ccdf89d7ed54574b82937282b004b5ba7dd311d748bc5ee","/chunk-THHOOK3G.js":"de19fd80fff7eb7bbca8f36cb3e601dfa3902612efa07456c484a48d076fe6a7","/chunk-RUHX433L.js":"68300b7b0ee112131cc725cfe7b2f119b43e0cbf31e42b74243d885adf25246b","/chunk-RTVINKHM.js":"3f06e43f23c110079728d4fa9e320c0bccb36f77a82a585b304932b166d39d8b","/chunk-R7VGZRAG.js":"72a473fc9be5a1abe860455fb1c006407bd6abf07f421f1dc1f525dba8d0412d","/chunk-RUFO37KJ.js":"93998b6c2a0f2827db93a7117d7d86cc7861e6abb510ad29dcf0017c14cace13","/chunk-QQW2B5PX.js":"6fff76474faba5a928fd91f328d9b5d59cc51a15c65f44a9e7f6d4f02425f0f9","/chunk-QCSTJOBZ.js":"60dbda2ea724021ab702785d996c0f23f6fd9e18b3f91e6a30bcee9577d7a651","/chunk-PRQLYWP3.js":"b859315c968831ca2543427206810fa685804f5b2373c0d7a3efd845cf1bc16c","/chunk-Q3KDUZM6.js":"1c22826e8a975e43e9f42d8c623602df03561842b97c26a9c12630fd326dd004","/chunk-PJKGQQBU.js":"cedc2c0ea37a588d762ee986b5f8f5c3ef33368334105f2cda32253b1fb2494c","/chunk-PLLWA6F3.js":"999a853e5dbdccda50830e1a12f28ef60f466460f23965d9cabf1998494efe53","/chunk-Q56JBTM3.js":"2ef9a3969d79dfddccdb41d14179d37771b3cf0de7e833d6cfc5a31535ee2d14","/chunk-NXX2YBC7.js":"bf08a8e0cef3c5b1d3386cc66ab18366e6df0071c40e5f939d4637020f369faf","/chunk-P3SGNV6L.js":"2c65c0b7f9aa11093e6e6118869756066f097a6118f5308af82aef17541081ec","/chunk-OLBH2VYO.js":"d6b252fb4de8b10709aebb3a19f7ea970dc641dd3925c8665bb1480bdbae19e1","/chunk-MFDHR7WC.js":"939e930f1f435a66ce7e1199b1ffdb5803dad314ec69c15acb3f71342a61678b","/chunk-MLRPUE4C.js":"f50f54fc0f781d7574e7aa1ecdb60d97e2a294c4ffa3c28698ae55991b70c63a","/chunk-L626GKYB.js":"21f74871ded5a592d1e9296dd2d8ace6b3e272b5e9caf068d683954812bc13c7","/chunk-LAGV2A7N.js":"71c01829f2d88adb7ba185432774ae6bf3800857d0d8c784867e3c1e88e5f483","/chunk-JNWP6V4Z.js":"008a807e298030b8a552f80fa6d04ef1a9e17ee25dcebfd0547229c721e52ecc","/chunk-KNDJBHC2.js":"b135839fddae34a59de9a517013e773ab9f6ad329f390db0c181541e353b2d16","/chunk-H64ZAUR5.js":"678230b40504d20e6f054943ac78570e767755f2a65a78682d06d5f6f7cdb261","/chunk-INDKUTLN.js":"a7169e50f070efb4ceda72c75310dd412e56c7993a7fe9bf699bfce76598d3c7","/chunk-IVEHLDOS.js":"314ea2cddca494a980285d5d2d31eddc0c6b1d466091ea25fc43b76536001efe","/chunk-FYTQS5GS.js":"876e467f01de25260c4f449e2c4af562850783ba72eb926353cc269ce99bf83b","/chunk-NBGHSRUV.js":"85994125a244be65394afe54a8b6b21ce505ae5f91f7db0197e551a926ebd6da","/chunk-E3XLCXC7.js":"c2ef53c6d3e44e428ec46e25e8aa92e81d99636b5070241581f504415f1e454b","/chunk-GP3Y7776.js":"b46840ea0f9d871a7df4618f0de86b52d5a9563e8728c142f41ddc60683c842b","/chunk-DEUQY43L.js":"908168c9ec8a1d0f2fba2e0d933e4a216e6add87b94bc0fcc458767548bea7a7","/chunk-AU4QFRN3.js":"c766c5bc65cbe942f8ed699bdc7e6d9389442161de94c6e8d319b8fcc2c39faa","/chunk-CZURAP3Z.js":"6467d5458121c3a01c26f336554d170c6a75695047a78b195a553da23347c364","/chunk-6OIS5JB3.js":"814737f118fa9662b18a17f8b914be0c259bef9cd575354c645ab36142de7b65","/chunk-7QS7PZ4Y.js":"453db906d89eb394bf4232ad1126321258736a32509adbe3520a09591977fc70","/chunk-7PXY5U7N.js":"61f931e2ddd0807b1eb8e2f0fd6f4b48b1efe816b1e0368e24ce4cc91ab055d6","/chunk-6LSQA2KN.js":"e7e059351b83672afb69d152dd9b80bf7cab19c39f8dc9732e6d7f318565508d","/chunk-6YKCP3VQ.js":"b620e062410e9b78cc723bf7003e57f859f4f81cddab7046b4076735d00be68a","/chunk-6GBWJTMD.js":"c8c310aba8d57396544fe52871da2a49c3e5f7d60f1304c978cf2d1c665fc9b3","/styles-75VY4OAL.css":"fbb39babf501744c9bd408c21cd9821155f49789d66bef782158c76163a949b5","/chunk-YSVKURGH.js":"6f6dbc021cf510af3dbd08089b6e255db5a48955213f560e7dfc332d15261f32","/chunk-5UXXWZTM.js":"569407f683fcc5ecba3b0056931f19dc29000212bdf140830165ff641f16f5a2","/chunk-5PL4XID4.js":"404639ad3c79fff8af4510d2fb75d3ad81aa53b18d090e3ac53b7131cbef4ec0","/chunk-5ED6XTP7.js":"f6567161a47a4d6adb8b161bfcea14d00e334dbfe5b443a7a50f7119e2e65f8a","/chunk-4ALP7FYJ.js":"8317021b9497035065cc68a40323cc2659cb0323ea42a0021ebbe6f816f027f9","/chunk-4B3YEJZ6.js":"2fbc4445cbf6b05bf2a322eeb31badcf890a7eacb6da421a60d1fff3bbc903e7","/chunk-3EDE74FP.js":"e054ab2d5fdda0be5023bebc64ce43d9a2186010746040ff781cde8785326180","/chunk-44NIBPNQ.js":"e6169ab0e62c2678070cea4cf9324f3d25852b3f4777df143c3eaa5c25394b20","/chunk-2KPK5WYP.js":"d4352bfd1734abe3ddab947b707eba790cf85e06e090cd1e11ff6dbd832e840a","/chunk-2LCDWEDI.js":"3d7bba8acf7bebb84281dc22fc5bb9e803ce2bee735b1bea5c9e6f857cd4b276","/chunk-2C7FYHZW.js":"7d73d91d96e0d8ff849564ac9b1c0d92c17a14b9c6a88e5ed3034e3ed577408e","/media/layers-55W3Q4RM.png":"355f4c5b9f8cb9eb8791dbb27e19c14866d91773e6f8ec00f46426aaf9ad9e41","/media/marker-icon-2V3QKKVC.png":"1a6e41ae33c0fd2c0a25649c041ed4a90bee68c5a5436fd8fa41741047a0cde8","/media/layers-2x-TBM42ERR.png":"7c9ef90b26a2d729e7fb8d0aae345e4dab1818dcd70f7aebd8870979821f8640","/chunk-2AKPVFYU.js":"82d8a8195ab6391be0fa273d48fed27502b61ff6ee6fdd2f07770a7acf0cf97d","/chunk-ELMEBXTY.js":"3e6d10fa2139161e6beec8bf0d14c9df60b177fa8732d203329c3186a4081b9c","/chunk-6D3NNZHS.js":"1bdb35e42882e7fecde804710fc5e108a213270366b415e3747ac41de980afa6"}}
[debug] [2026-06-07T21:11:37.008Z] <<< [apiv2][status] POST https://firebasehosting.googleapis.com/v1beta1/projects/645287068859/sites/parcial1si2/versions/1e5abea94bfc394f:populateFiles 200
[debug] [2026-06-07T21:11:37.008Z] <<< [apiv2][body] POST https://firebasehosting.googleapis.com/v1beta1/projects/645287068859/sites/parcial1si2/versions/1e5abea94bfc394f:populateFiles {"uploadRequiredHashes":["4bc35b6b3c9e5136b9c485ef2067c8eacd0d024dc26544b48e3c0a6719a6aff6","45d2db401020b536543ab53fd804f7e40f46835010e654744168f53f18d8a8c6","93998b6c2a0f2827db93a7117d7d86cc7861e6abb510ad29dcf0017c14cace13"],"uploadUrl":"https://upload-firebasehosting.googleapis.com/upload/sites/parcial1si2/versions/1e5abea94bfc394f/files"}
[debug] [2026-06-07T21:11:37.009Z] Checked if tokens are valid: true, expires at: 1780869741878
[debug] [2026-06-07T21:11:37.009Z] Checked if tokens are valid: true, expires at: 1780869741878
[debug] [2026-06-07T21:11:37.009Z] Checked if tokens are valid: true, expires at: 1780869741878
[debug] [2026-06-07T21:11:37.009Z] Checked if tokens are valid: true, expires at: 1780869741878
[debug] [2026-06-07T21:11:37.010Z] Checked if tokens are valid: true, expires at: 1780869741878
[debug] [2026-06-07T21:11:37.010Z] Checked if tokens are valid: true, expires at: 1780869741878
[debug] [2026-06-07T21:11:37.010Z] >>> [apiv2][query] POST https://upload-firebasehosting.googleapis.com/upload/sites/parcial1si2/versions/1e5abea94bfc394f/files/4bc35b6b3c9e5136b9c485ef2067c8eacd0d024dc26544b48e3c0a6719a6aff6 [none]
[debug] [2026-06-07T21:11:37.010Z] >>> [apiv2][body] POST https://upload-firebasehosting.googleapis.com/upload/sites/parcial1si2/versions/1e5abea94bfc394f/files/4bc35b6b3c9e5136b9c485ef2067c8eacd0d024dc26544b48e3c0a6719a6aff6 [stream]
[debug] [2026-06-07T21:11:37.011Z] >>> [apiv2][query] POST https://upload-firebasehosting.googleapis.com/upload/sites/parcial1si2/versions/1e5abea94bfc394f/files/45d2db401020b536543ab53fd804f7e40f46835010e654744168f53f18d8a8c6 [none]
[debug] [2026-06-07T21:11:37.012Z] >>> [apiv2][body] POST https://upload-firebasehosting.googleapis.com/upload/sites/parcial1si2/versions/1e5abea94bfc394f/files/45d2db401020b536543ab53fd804f7e40f46835010e654744168f53f18d8a8c6 [stream]
[debug] [2026-06-07T21:11:37.013Z] >>> [apiv2][query] POST https://upload-firebasehosting.googleapis.com/upload/sites/parcial1si2/versions/1e5abea94bfc394f/files/93998b6c2a0f2827db93a7117d7d86cc7861e6abb510ad29dcf0017c14cace13 [none]
[debug] [2026-06-07T21:11:37.013Z] >>> [apiv2][body] POST https://upload-firebasehosting.googleapis.com/upload/sites/parcial1si2/versions/1e5abea94bfc394f/files/93998b6c2a0f2827db93a7117d7d86cc7861e6abb510ad29dcf0017c14cace13 [stream]
[debug] [2026-06-07T21:11:37.015Z] [hosting][populate queue][FINAL] {"max":748,"min":748,"avg":748,"active":0,"complete":1,"success":1,"errored":0,"retried":0,"total":1,"elapsed":753}
[debug] [2026-06-07T21:11:37.015Z] [hosting] uploads queued: 3
[info] i  hosting: uploading new files [0/3] (0%) 
[debug] [2026-06-07T21:11:38.766Z] <<< [apiv2][status] POST https://upload-firebasehosting.googleapis.com/upload/sites/parcial1si2/versions/1e5abea94bfc394f/files/45d2db401020b536543ab53fd804f7e40f46835010e654744168f53f18d8a8c6 200
[debug] [2026-06-07T21:11:38.766Z] <<< [apiv2][body] POST https://upload-firebasehosting.googleapis.com/upload/sites/parcial1si2/versions/1e5abea94bfc394f/files/45d2db401020b536543ab53fd804f7e40f46835010e654744168f53f18d8a8c6 [stream]
[debug] [2026-06-07T21:11:38.822Z] <<< [apiv2][status] POST https://upload-firebasehosting.googleapis.com/upload/sites/parcial1si2/versions/1e5abea94bfc394f/files/93998b6c2a0f2827db93a7117d7d86cc7861e6abb510ad29dcf0017c14cace13 200
[debug] [2026-06-07T21:11:38.822Z] <<< [apiv2][body] POST https://upload-firebasehosting.googleapis.com/upload/sites/parcial1si2/versions/1e5abea94bfc394f/files/93998b6c2a0f2827db93a7117d7d86cc7861e6abb510ad29dcf0017c14cace13 [stream]
[debug] [2026-06-07T21:11:38.954Z] <<< [apiv2][status] POST https://upload-firebasehosting.googleapis.com/upload/sites/parcial1si2/versions/1e5abea94bfc394f/files/4bc35b6b3c9e5136b9c485ef2067c8eacd0d024dc26544b48e3c0a6719a6aff6 200
[debug] [2026-06-07T21:11:38.954Z] <<< [apiv2][body] POST https://upload-firebasehosting.googleapis.com/upload/sites/parcial1si2/versions/1e5abea94bfc394f/files/4bc35b6b3c9e5136b9c485ef2067c8eacd0d024dc26544b48e3c0a6719a6aff6 [stream]
[debug] [2026-06-07T21:11:38.954Z] [hosting][upload queue][FINAL] {"max":1946,"min":1757,"avg":1838.6666666666667,"active":0,"complete":3,"success":3,"errored":0,"retried":0,"total":3,"elapsed":1946}
[info] i  hosting: upload complete 
[info] +  hosting[parcial1si2]: file upload complete 
[debug] [2026-06-07T21:11:38.955Z] [hosting] deploy completed after 2757ms
[debug] [2026-06-07T21:11:38.955Z] [
  {
    "config": {
      "public": "dist/frontend-app/browser",
      "ignore": [
        "firebase.json",
        "**/.*",
        "**/node_modules/**"
      ],
      "rewrites": [
        {
          "source": "**",
          "destination": "/index.html"
        }
      ],
      "site": "parcial1si2"
    },
    "version": "projects/645287068859/sites/parcial1si2/versions/1e5abea94bfc394f"
  }
]
[info] i  hosting[parcial1si2]: finalizing version... 
[debug] [2026-06-07T21:11:38.956Z] Checked if tokens are valid: true, expires at: 1780869741878
[debug] [2026-06-07T21:11:38.956Z] Checked if tokens are valid: true, expires at: 1780869741878
[debug] [2026-06-07T21:11:38.957Z] >>> [apiv2][query] PATCH https://firebasehosting.googleapis.com/v1beta1/projects/-/sites/parcial1si2/versions/1e5abea94bfc394f updateMask=status%2Cconfig
[debug] [2026-06-07T21:11:38.957Z] >>> [apiv2][body] PATCH https://firebasehosting.googleapis.com/v1beta1/projects/-/sites/parcial1si2/versions/1e5abea94bfc394f {"status":"FINALIZED","config":{"rewrites":[{"glob":"**","path":"/index.html"}]}}
[debug] [2026-06-07T21:11:39.612Z] <<< [apiv2][status] PATCH https://firebasehosting.googleapis.com/v1beta1/projects/-/sites/parcial1si2/versions/1e5abea94bfc394f 200
[debug] [2026-06-07T21:11:39.612Z] <<< [apiv2][body] PATCH https://firebasehosting.googleapis.com/v1beta1/projects/-/sites/parcial1si2/versions/1e5abea94bfc394f {"name":"projects/645287068859/sites/parcial1si2/versions/1e5abea94bfc394f","status":"FINALIZED","config":{"rewrites":[{"glob":"**","path":"/index.html"}]},"labels":{"deployment-tool":"cli-firebase"},"createTime":"2026-06-07T21:11:35.544916Z","createUser":{"email":"orlandosebastian693@gmail.com"},"finalizeTime":"2026-06-07T21:11:39.482192Z","finalizeUser":{"email":"orlandosebastian693@gmail.com"}}
[debug] [2026-06-07T21:11:39.612Z] [hosting] finalized version for parcial1si2:[object Object]
[info] +  hosting[parcial1si2]: version finalized 
[info] i  hosting[parcial1si2]: releasing new version... 
[debug] [2026-06-07T21:11:39.612Z] Checked if tokens are valid: true, expires at: 1780869741878
[debug] [2026-06-07T21:11:39.612Z] Checked if tokens are valid: true, expires at: 1780869741878
[debug] [2026-06-07T21:11:39.613Z] >>> [apiv2][query] POST https://firebasehosting.googleapis.com/v1beta1/projects/-/sites/parcial1si2/channels/live/releases versionName=projects%2F645287068859%2Fsites%2Fparcial1si2%2Fversions%2F1e5abea94bfc394f
[debug] [2026-06-07T21:11:39.613Z] >>> [apiv2][body] POST https://firebasehosting.googleapis.com/v1beta1/projects/-/sites/parcial1si2/channels/live/releases {}
[debug] [2026-06-07T21:11:40.452Z] <<< [apiv2][status] POST https://firebasehosting.googleapis.com/v1beta1/projects/-/sites/parcial1si2/channels/live/releases 200
